[INFO] device=mps
[INFO] cfg=TrainConfig(dataset_dir='data/clean', num_classes=10, arch='resnet18', epochs=30, batch_size=128, lr=0.1, weight_decay=0.0005, seed=42, num_workers=4, save_path='models/clean_model/model.pth', log_path='logs/train_clean.log', log_every_steps=50, tqdm_update_every_steps=20)
[INFO] dataset_size=50000
[E001 S0001] loss=2.4371 acc=0.0625 lr=0.10000
[E001 S0050] loss=3.2595 acc=0.1583 lr=0.10000
[E001 S0100] loss=2.7116 acc=0.1944 lr=0.10000
[E001 S0150] loss=2.4774 acc=0.2234 lr=0.10000
[E001 S0200] loss=2.3521 acc=0.2438 lr=0.10000
[E001 S0250] loss=2.2451 acc=0.2617 lr=0.10000
[E001 S0300] loss=2.1686 acc=0.2780 lr=0.10000
[E001 S0350] loss=2.1030 acc=0.2921 lr=0.10000
[E001 S0391] loss=2.0566 acc=0.3018 lr=0.10000
[E001] loss=2.0566 acc=0.3018 lr=0.10000 time=17.7s
[SAVE] best_loss=2.0566 -> models/clean_model/model.pth
[E002 S0001] loss=1.5007 acc=0.3984 lr=0.10000
[E002 S0050] loss=1.5995 acc=0.4128 lr=0.10000
[E002 S0100] loss=1.5897 acc=0.4138 lr=0.10000
[E002 S0150] loss=1.5724 acc=0.4216 lr=0.10000
[E002 S0200] loss=1.5605 acc=0.4288 lr=0.10000
[E002 S0250] loss=1.5471 acc=0.4332 lr=0.10000
[E002 S0300] loss=1.5325 acc=0.4382 lr=0.10000
[E002 S0350] loss=1.5189 acc=0.4445 lr=0.10000
[E002 S0391] loss=1.5095 acc=0.4479 lr=0.10000
[E002] loss=1.5095 acc=0.4479 lr=0.10000 time=8.1s
[SAVE] best_loss=1.5095 -> models/clean_model/model.pth
[E003 S0001] loss=1.4244 acc=0.4766 lr=0.10000
[E003 S0050] loss=1.3862 acc=0.4866 lr=0.10000
[E003 S0100] loss=1.3695 acc=0.4949 lr=0.10000
[E003 S0150] loss=1.3618 acc=0.4992 lr=0.10000
[E003 S0200] loss=1.3529 acc=0.5047 lr=0.10000
[E003 S0250] loss=1.3437 acc=0.5110 lr=0.10000
[E003 S0300] loss=1.3339 acc=0.5157 lr=0.10000
[E003 S0350] loss=1.3248 acc=0.5199 lr=0.10000
[E003 S0391] loss=1.3164 acc=0.5229 lr=0.10000
[E003] loss=1.3164 acc=0.5229 lr=0.10000 time=8.0s
[SAVE] best_loss=1.3164 -> models/clean_model/model.pth
[E004 S0001] loss=1.3350 acc=0.5312 lr=0.10000
[E004 S0050] loss=1.2436 acc=0.5550 lr=0.10000
[E004 S0100] loss=1.2314 acc=0.5596 lr=0.10000
[E004 S0150] loss=1.2153 acc=0.5661 lr=0.10000
[E004 S0200] loss=1.2048 acc=0.5693 lr=0.10000
[E004 S0250] loss=1.2038 acc=0.5709 lr=0.10000
[E004 S0300] loss=1.1937 acc=0.5735 lr=0.10000
[E004 S0350] loss=1.1868 acc=0.5759 lr=0.10000
[E004 S0391] loss=1.1801 acc=0.5785 lr=0.10000
[E004] loss=1.1801 acc=0.5785 lr=0.10000 time=8.1s
[SAVE] best_loss=1.1801 -> models/clean_model/model.pth
[E005 S0001] loss=0.9440 acc=0.6484 lr=0.10000
[E005 S0050] loss=1.0765 acc=0.6178 lr=0.10000
[E005 S0100] loss=1.0871 acc=0.6124 lr=0.10000
[E005 S0150] loss=1.0907 acc=0.6127 lr=0.10000
[E005 S0200] loss=1.0891 acc=0.6131 lr=0.10000
[E005 S0250] loss=1.0888 acc=0.6117 lr=0.10000
[E005 S0300] loss=1.0860 acc=0.6140 lr=0.10000
[E005 S0350] loss=1.0828 acc=0.6152 lr=0.10000
[E005 S0391] loss=1.0769 acc=0.6170 lr=0.10000
[E005] loss=1.0769 acc=0.6170 lr=0.10000 time=8.0s
[SAVE] best_loss=1.0769 -> models/clean_model/model.pth
[E006 S0001] loss=1.0205 acc=0.6562 lr=0.10000
[E006 S0050] loss=1.0575 acc=0.6266 lr=0.10000
[E006 S0100] loss=1.0438 acc=0.6313 lr=0.10000
[E006 S0150] loss=1.0420 acc=0.6338 lr=0.10000
[E006 S0200] loss=1.0338 acc=0.6351 lr=0.10000
[E006 S0250] loss=1.0346 acc=0.6352 lr=0.10000
[E006 S0300] loss=1.0259 acc=0.6384 lr=0.10000
[E006 S0350] loss=1.0202 acc=0.6413 lr=0.10000
[E006 S0391] loss=1.0162 acc=0.6431 lr=0.10000
[E006] loss=1.0162 acc=0.6431 lr=0.10000 time=8.1s
[SAVE] best_loss=1.0162 -> models/clean_model/model.pth
[E007 S0001] loss=0.8026 acc=0.7031 lr=0.10000
[E007 S0050] loss=0.9646 acc=0.6613 lr=0.10000
[E007 S0100] loss=0.9739 acc=0.6541 lr=0.10000
[E007 S0150] loss=0.9688 acc=0.6593 lr=0.10000
[E007 S0200] loss=0.9687 acc=0.6607 lr=0.10000
[E007 S0250] loss=0.9665 acc=0.6613 lr=0.10000
[E007 S0300] loss=0.9570 acc=0.6638 lr=0.10000
[E007 S0350] loss=0.9539 acc=0.6651 lr=0.10000
[E007 S0391] loss=0.9502 acc=0.6660 lr=0.10000
[E007] loss=0.9502 acc=0.6660 lr=0.10000 time=8.1s
[SAVE] best_loss=0.9502 -> models/clean_model/model.pth
[E008 S0001] loss=0.8698 acc=0.6250 lr=0.10000
[E008 S0050] loss=0.9028 acc=0.6805 lr=0.10000
[E008 S0100] loss=0.9154 acc=0.6786 lr=0.10000
[E008 S0150] loss=0.9251 acc=0.6763 lr=0.10000
[E008 S0200] loss=0.9168 acc=0.6802 lr=0.10000
[E008 S0250] loss=0.9172 acc=0.6795 lr=0.10000
[E008 S0300] loss=0.9132 acc=0.6813 lr=0.10000
[E008 S0350] loss=0.9142 acc=0.6819 lr=0.10000
[E008 S0391] loss=0.9152 acc=0.6817 lr=0.10000
[E008] loss=0.9152 acc=0.6817 lr=0.10000 time=8.1s
[SAVE] best_loss=0.9152 -> models/clean_model/model.pth
[E009 S0001] loss=1.0706 acc=0.6484 lr=0.10000
[E009 S0050] loss=0.8930 acc=0.6886 lr=0.10000
[E009 S0100] loss=0.8872 acc=0.6920 lr=0.10000
[E009 S0150] loss=0.8868 acc=0.6911 lr=0.10000
[E009 S0200] loss=0.8980 acc=0.6881 lr=0.10000
[E009 S0250] loss=0.8931 acc=0.6891 lr=0.10000
[E009 S0300] loss=0.8836 acc=0.6927 lr=0.10000
[E009 S0350] loss=0.8809 acc=0.6938 lr=0.10000
[E009 S0391] loss=0.8823 acc=0.6927 lr=0.10000
[E009] loss=0.8823 acc=0.6927 lr=0.10000 time=8.1s
[SAVE] best_loss=0.8823 -> models/clean_model/model.pth
[E010 S0001] loss=0.8844 acc=0.6797 lr=0.10000
[E010 S0050] loss=0.8598 acc=0.6977 lr=0.10000
[E010 S0100] loss=0.8563 acc=0.7029 lr=0.10000
[E010 S0150] loss=0.8600 acc=0.7004 lr=0.10000
[E010 S0200] loss=0.8563 acc=0.7015 lr=0.10000
[E010 S0250] loss=0.8518 acc=0.7047 lr=0.10000
[E010 S0300] loss=0.8514 acc=0.7042 lr=0.10000
[E010 S0350] loss=0.8534 acc=0.7032 lr=0.10000
[E010 S0391] loss=0.8508 acc=0.7035 lr=0.10000
[E010] loss=0.8508 acc=0.7035 lr=0.10000 time=8.1s
[SAVE] best_loss=0.8508 -> models/clean_model/model.pth
[E011 S0001] loss=0.6878 acc=0.7812 lr=0.10000
[E011 S0050] loss=0.8097 acc=0.7175 lr=0.10000
[E011 S0100] loss=0.8271 acc=0.7117 lr=0.10000
[E011 S0150] loss=0.8336 acc=0.7099 lr=0.10000
[E011 S0200] loss=0.8379 acc=0.7077 lr=0.10000
[E011 S0250] loss=0.8336 acc=0.7097 lr=0.10000
[E011 S0300] loss=0.8363 acc=0.7095 lr=0.10000
[E011 S0350] loss=0.8315 acc=0.7109 lr=0.10000
[E011 S0391] loss=0.8317 acc=0.7113 lr=0.10000
[E011] loss=0.8317 acc=0.7113 lr=0.10000 time=8.1s
[SAVE] best_loss=0.8317 -> models/clean_model/model.pth
[E012 S0001] loss=0.7690 acc=0.7266 lr=0.10000
[E012 S0050] loss=0.8261 acc=0.7172 lr=0.10000
[E012 S0100] loss=0.8152 acc=0.7186 lr=0.10000
[E012 S0150] loss=0.8195 acc=0.7186 lr=0.10000
[E012 S0200] loss=0.8132 acc=0.7200 lr=0.10000
[E012 S0250] loss=0.8108 acc=0.7206 lr=0.10000
[E012 S0300] loss=0.8155 acc=0.7182 lr=0.10000
[E012 S0350] loss=0.8152 acc=0.7179 lr=0.10000
[E012 S0391] loss=0.8137 acc=0.7186 lr=0.10000
[E012] loss=0.8137 acc=0.7186 lr=0.10000 time=8.1s
[SAVE] best_loss=0.8137 -> models/clean_model/model.pth
[E013 S0001] loss=0.7463 acc=0.6953 lr=0.10000
[E013 S0050] loss=0.7776 acc=0.7295 lr=0.10000
[E013 S0100] loss=0.7825 acc=0.7299 lr=0.10000
[E013 S0150] loss=0.7886 acc=0.7278 lr=0.10000
[E013 S0200] loss=0.7926 acc=0.7259 lr=0.10000
[E013 S0250] loss=0.7932 acc=0.7243 lr=0.10000
[E013 S0300] loss=0.7933 acc=0.7243 lr=0.10000
[E013 S0350] loss=0.7974 acc=0.7236 lr=0.10000
[E013 S0391] loss=0.7973 acc=0.7235 lr=0.10000
[E013] loss=0.7973 acc=0.7235 lr=0.10000 time=8.1s
[SAVE] best_loss=0.7973 -> models/clean_model/model.pth
[E014 S0001] loss=0.7650 acc=0.7031 lr=0.10000
[E014 S0050] loss=0.7853 acc=0.7258 lr=0.10000
[E014 S0100] loss=0.7881 acc=0.7262 lr=0.10000
[E014 S0150] loss=0.7840 acc=0.7278 lr=0.10000
[E014 S0200] loss=0.7850 acc=0.7270 lr=0.10000
[E014 S0250] loss=0.7881 acc=0.7256 lr=0.10000
[E014 S0300] loss=0.7848 acc=0.7268 lr=0.10000
[E014 S0350] loss=0.7898 acc=0.7257 lr=0.10000
[E014 S0391] loss=0.7867 acc=0.7268 lr=0.10000
[E014] loss=0.7867 acc=0.7268 lr=0.10000 time=8.1s
[SAVE] best_loss=0.7867 -> models/clean_model/model.pth
[E015 S0001] loss=0.7012 acc=0.7891 lr=0.10000
[E015 S0050] loss=0.7739 acc=0.7314 lr=0.10000
[E015 S0100] loss=0.7667 acc=0.7358 lr=0.10000
[E015 S0150] loss=0.7683 acc=0.7356 lr=0.10000
[E015 S0200] loss=0.7724 acc=0.7342 lr=0.10000
[E015 S0250] loss=0.7788 acc=0.7310 lr=0.10000
[E015 S0300] loss=0.7763 acc=0.7321 lr=0.10000
[E015 S0350] loss=0.7764 acc=0.7323 lr=0.10000
[E015 S0391] loss=0.7755 acc=0.7326 lr=0.10000
[E015] loss=0.7755 acc=0.7326 lr=0.01000 time=8.1s
[SAVE] best_loss=0.7755 -> models/clean_model/model.pth
[E016 S0001] loss=0.8089 acc=0.7031 lr=0.01000
[E016 S0050] loss=0.6761 acc=0.7728 lr=0.01000
[E016 S0100] loss=0.6489 acc=0.7805 lr=0.01000
[E016 S0150] loss=0.6274 acc=0.7855 lr=0.01000
[E016 S0200] loss=0.6173 acc=0.7890 lr=0.01000
[E016 S0250] loss=0.6129 acc=0.7905 lr=0.01000
[E016 S0300] loss=0.6041 acc=0.7931 lr=0.01000
[E016 S0350] loss=0.5975 acc=0.7946 lr=0.01000
[E016 S0391] loss=0.5941 acc=0.7960 lr=0.01000
[E016] loss=0.5941 acc=0.7960 lr=0.01000 time=8.1s
[SAVE] best_loss=0.5941 -> models/clean_model/model.pth
[E017 S0001] loss=0.4546 acc=0.8359 lr=0.01000
[E017 S0050] loss=0.5210 acc=0.8153 lr=0.01000
[E017 S0100] loss=0.5243 acc=0.8163 lr=0.01000
[E017 S0150] loss=0.5287 acc=0.8152 lr=0.01000
[E017 S0200] loss=0.5281 acc=0.8155 lr=0.01000
[E017 S0250] loss=0.5312 acc=0.8143 lr=0.01000
[E017 S0300] loss=0.5289 acc=0.8149 lr=0.01000
[E017 S0350] loss=0.5289 acc=0.8151 lr=0.01000
[E017 S0391] loss=0.5276 acc=0.8156 lr=0.01000
[E017] loss=0.5276 acc=0.8156 lr=0.01000 time=8.1s
[SAVE] best_loss=0.5276 -> models/clean_model/model.pth
[E018 S0001] loss=0.5864 acc=0.7969 lr=0.01000
[E018 S0050] loss=0.5139 acc=0.8247 lr=0.01000
[E018 S0100] loss=0.5093 acc=0.8222 lr=0.01000
[E018 S0150] loss=0.5138 acc=0.8206 lr=0.01000
[E018 S0200] loss=0.5077 acc=0.8240 lr=0.01000
[E018 S0250] loss=0.5064 acc=0.8244 lr=0.01000
[E018 S0300] loss=0.5049 acc=0.8242 lr=0.01000
[E018 S0350] loss=0.5071 acc=0.8236 lr=0.01000
[E018 S0391] loss=0.5054 acc=0.8244 lr=0.01000
[E018] loss=0.5054 acc=0.8244 lr=0.01000 time=8.1s
[SAVE] best_loss=0.5054 -> models/clean_model/model.pth
[E019 S0001] loss=0.5717 acc=0.8359 lr=0.01000
[E019 S0050] loss=0.5021 acc=0.8230 lr=0.01000
[E019 S0100] loss=0.4837 acc=0.8317 lr=0.01000
[E019 S0150] loss=0.4811 acc=0.8325 lr=0.01000
[E019 S0200] loss=0.4859 acc=0.8306 lr=0.01000
[E019 S0250] loss=0.4879 acc=0.8305 lr=0.01000
[E019 S0300] loss=0.4863 acc=0.8320 lr=0.01000
[E019 S0350] loss=0.4864 acc=0.8317 lr=0.01000
[E019 S0391] loss=0.4858 acc=0.8320 lr=0.01000
[E019] loss=0.4858 acc=0.8320 lr=0.01000 time=8.1s
[SAVE] best_loss=0.4858 -> models/clean_model/model.pth
[E020 S0001] loss=0.5213 acc=0.7969 lr=0.01000
[E020 S0050] loss=0.4505 acc=0.8459 lr=0.01000
[E020 S0100] loss=0.4644 acc=0.8383 lr=0.01000
[E020 S0150] loss=0.4716 acc=0.8377 lr=0.01000
[E020 S0200] loss=0.4683 acc=0.8375 lr=0.01000
[E020 S0250] loss=0.4685 acc=0.8379 lr=0.01000
[E020 S0300] loss=0.4698 acc=0.8372 lr=0.01000
[E020 S0350] loss=0.4694 acc=0.8379 lr=0.01000
[E020 S0391] loss=0.4719 acc=0.8365 lr=0.01000
[E020] loss=0.4719 acc=0.8365 lr=0.01000 time=8.1s
[SAVE] best_loss=0.4719 -> models/clean_model/model.pth
[E021 S0001] loss=0.4834 acc=0.8281 lr=0.01000
[E021 S0050] loss=0.4651 acc=0.8403 lr=0.01000
[E021 S0100] loss=0.4562 acc=0.8420 lr=0.01000
[E021 S0150] loss=0.4571 acc=0.8430 lr=0.01000
[E021 S0200] loss=0.4534 acc=0.8452 lr=0.01000
[E021 S0250] loss=0.4537 acc=0.8446 lr=0.01000
[E021 S0300] loss=0.4514 acc=0.8462 lr=0.01000
[E021 S0350] loss=0.4575 acc=0.8434 lr=0.01000
[E021 S0391] loss=0.4576 acc=0.8430 lr=0.01000
[E021] loss=0.4576 acc=0.8430 lr=0.01000 time=8.1s
[SAVE] best_loss=0.4576 -> models/clean_model/model.pth
[E022 S0001] loss=0.3055 acc=0.8906 lr=0.01000
[E022 S0050] loss=0.4242 acc=0.8538 lr=0.01000
[E022 S0100] loss=0.4366 acc=0.8482 lr=0.01000
[E022 S0150] loss=0.4464 acc=0.8450 lr=0.01000
[E022 S0200] loss=0.4513 acc=0.8430 lr=0.01000
[E022 S0250] loss=0.4523 acc=0.8423 lr=0.01000
[E022 S0300] loss=0.4522 acc=0.8420 lr=0.01000
[E022 S0350] loss=0.4503 acc=0.8427 lr=0.01000
[E022 S0391] loss=0.4502 acc=0.8429 lr=0.01000
[E022] loss=0.4502 acc=0.8429 lr=0.01000 time=8.1s
[SAVE] best_loss=0.4502 -> models/clean_model/model.pth
[E023 S0001] loss=0.4709 acc=0.8594 lr=0.01000
[E023 S0050] loss=0.4090 acc=0.8578 lr=0.01000
[E023 S0100] loss=0.4236 acc=0.8514 lr=0.01000
[E023 S0150] loss=0.4308 acc=0.8497 lr=0.01000
[E023 S0200] loss=0.4313 acc=0.8498 lr=0.01000
[E023 S0250] loss=0.4292 acc=0.8507 lr=0.01000
[E023 S0300] loss=0.4333 acc=0.8493 lr=0.01000
[E023 S0350] loss=0.4344 acc=0.8489 lr=0.01000
[E023 S0391] loss=0.4342 acc=0.8488 lr=0.01000
[E023] loss=0.4342 acc=0.8488 lr=0.01000 time=8.1s
[SAVE] best_loss=0.4342 -> models/clean_model/model.pth
[E024 S0001] loss=0.4219 acc=0.8438 lr=0.01000
[E024 S0050] loss=0.4218 acc=0.8545 lr=0.01000
[E024 S0100] loss=0.4343 acc=0.8489 lr=0.01000
[E024 S0150] loss=0.4282 acc=0.8528 lr=0.01000
[E024 S0200] loss=0.4283 acc=0.8524 lr=0.01000
[E024 S0250] loss=0.4276 acc=0.8532 lr=0.01000
[E024 S0300] loss=0.4294 acc=0.8521 lr=0.01000
[E024 S0350] loss=0.4303 acc=0.8510 lr=0.01000
[E024 S0391] loss=0.4291 acc=0.8512 lr=0.01000
[E024] loss=0.4291 acc=0.8512 lr=0.01000 time=8.1s
[SAVE] best_loss=0.4291 -> models/clean_model/model.pth
[E025 S0001] loss=0.3854 acc=0.8516 lr=0.01000
[E025 S0050] loss=0.3984 acc=0.8623 lr=0.01000
[E025 S0100] loss=0.4033 acc=0.8608 lr=0.01000
[E025 S0150] loss=0.4115 acc=0.8560 lr=0.01000
[E025 S0200] loss=0.4129 acc=0.8562 lr=0.01000
[E025 S0250] loss=0.4126 acc=0.8563 lr=0.01000
[E025 S0300] loss=0.4139 acc=0.8553 lr=0.01000
[E025 S0350] loss=0.4137 acc=0.8556 lr=0.01000
[E025 S0391] loss=0.4154 acc=0.8554 lr=0.01000
[E025] loss=0.4154 acc=0.8554 lr=0.00100 time=8.1s
[SAVE] best_loss=0.4154 -> models/clean_model/model.pth
[E026 S0001] loss=0.4150 acc=0.8672 lr=0.00100
[E026 S0050] loss=0.3967 acc=0.8630 lr=0.00100
[E026 S0100] loss=0.3845 acc=0.8666 lr=0.00100
[E026 S0150] loss=0.3798 acc=0.8673 lr=0.00100
[E026 S0200] loss=0.3768 acc=0.8688 lr=0.00100
[E026 S0250] loss=0.3756 acc=0.8693 lr=0.00100
[E026 S0300] loss=0.3776 acc=0.8683 lr=0.00100
[E026 S0350] loss=0.3769 acc=0.8689 lr=0.00100
[E026 S0391] loss=0.3750 acc=0.8696 lr=0.00100
[E026] loss=0.3750 acc=0.8696 lr=0.00100 time=8.1s
[SAVE] best_loss=0.3750 -> models/clean_model/model.pth
[E027 S0001] loss=0.3397 acc=0.8672 lr=0.00100
[E027 S0050] loss=0.3691 acc=0.8681 lr=0.00100
[E027 S0100] loss=0.3683 acc=0.8712 lr=0.00100
[E027 S0150] loss=0.3699 acc=0.8710 lr=0.00100
[E027 S0200] loss=0.3708 acc=0.8706 lr=0.00100
[E027 S0250] loss=0.3700 acc=0.8706 lr=0.00100
[E027 S0300] loss=0.3658 acc=0.8724 lr=0.00100
[E027 S0350] loss=0.3649 acc=0.8729 lr=0.00100
[E027 S0391] loss=0.3645 acc=0.8732 lr=0.00100
[E027] loss=0.3645 acc=0.8732 lr=0.00100 time=8.1s
[SAVE] best_loss=0.3645 -> models/clean_model/model.pth
[E028 S0001] loss=0.3648 acc=0.8906 lr=0.00100
[E028 S0050] loss=0.3522 acc=0.8786 lr=0.00100
[E028 S0100] loss=0.3513 acc=0.8790 lr=0.00100
[E028 S0150] loss=0.3535 acc=0.8793 lr=0.00100
[E028 S0200] loss=0.3524 acc=0.8802 lr=0.00100
[E028 S0250] loss=0.3532 acc=0.8797 lr=0.00100
[E028 S0300] loss=0.3535 acc=0.8792 lr=0.00100
[E028 S0350] loss=0.3531 acc=0.8795 lr=0.00100
[E028 S0391] loss=0.3540 acc=0.8789 lr=0.00100
[E028] loss=0.3540 acc=0.8789 lr=0.00100 time=8.1s
[SAVE] best_loss=0.3540 -> models/clean_model/model.pth
[E029 S0001] loss=0.3470 acc=0.8828 lr=0.00100
[E029 S0050] loss=0.3358 acc=0.8800 lr=0.00100
[E029 S0100] loss=0.3443 acc=0.8780 lr=0.00100
[E029 S0150] loss=0.3433 acc=0.8789 lr=0.00100
[E029 S0200] loss=0.3437 acc=0.8797 lr=0.00100
[E029 S0250] loss=0.3423 acc=0.8813 lr=0.00100
[E029 S0300] loss=0.3461 acc=0.8801 lr=0.00100
[E029 S0350] loss=0.3470 acc=0.8802 lr=0.00100
[E029 S0391] loss=0.3474 acc=0.8800 lr=0.00100
[E029] loss=0.3474 acc=0.8800 lr=0.00100 time=8.1s
[SAVE] best_loss=0.3474 -> models/clean_model/model.pth
[E030 S0001] loss=0.2838 acc=0.9062 lr=0.00100
[E030 S0050] loss=0.3327 acc=0.8881 lr=0.00100
[E030 S0100] loss=0.3395 acc=0.8852 lr=0.00100
[E030 S0150] loss=0.3386 acc=0.8848 lr=0.00100
[E030 S0200] loss=0.3406 acc=0.8844 lr=0.00100
[E030 S0250] loss=0.3431 acc=0.8828 lr=0.00100
[E030 S0300] loss=0.3438 acc=0.8827 lr=0.00100
[E030 S0350] loss=0.3448 acc=0.8824 lr=0.00100
[E030 S0391] loss=0.3450 acc=0.8825 lr=0.00100
[E030] loss=0.3450 acc=0.8825 lr=0.00100 time=8.1s
[SAVE] best_loss=0.3450 -> models/clean_model/model.pth
[DONE]
