[INFO] device=mps
[INFO] cfg=TrainConfig(dataset_dir='data/spurious', num_classes=10, arch='resnet18', epochs=30, batch_size=128, lr=0.1, weight_decay=0.0005, seed=42, num_workers=4, save_path='models/spurious_model/model.pth', log_path='logs/train_spurious.log', log_every_steps=50, tqdm_update_every_steps=20)
[INFO] dataset_size=50000
[E001 S0001] loss=2.4431 acc=0.0547 lr=0.10000
[E001 S0050] loss=3.6194 acc=0.1425 lr=0.10000
[E001 S0100] loss=3.0356 acc=0.1771 lr=0.10000
[E001 S0150] loss=2.7600 acc=0.2039 lr=0.10000
[E001 S0200] loss=2.5498 acc=0.2284 lr=0.10000
[E001 S0250] loss=2.3724 acc=0.2596 lr=0.10000
[E001 S0300] loss=2.2317 acc=0.2872 lr=0.10000
[E001 S0350] loss=2.1223 acc=0.3115 lr=0.10000
[E001 S0391] loss=2.0513 acc=0.3273 lr=0.10000
[E001] loss=2.0513 acc=0.3273 lr=0.10000 time=11.8s
[SAVE] best_loss=2.0513 -> models/spurious_model/model.pth
[E002 S0001] loss=1.3292 acc=0.4766 lr=0.10000
[E002 S0050] loss=1.3810 acc=0.4800 lr=0.10000
[E002 S0100] loss=1.3617 acc=0.4909 lr=0.10000
[E002 S0150] loss=1.3540 acc=0.4949 lr=0.10000
[E002 S0200] loss=1.3428 acc=0.4987 lr=0.10000
[E002 S0250] loss=1.3279 acc=0.5043 lr=0.10000
[E002 S0300] loss=1.3140 acc=0.5089 lr=0.10000
[E002 S0350] loss=1.3030 acc=0.5138 lr=0.10000
[E002 S0391] loss=1.2941 acc=0.5180 lr=0.10000
[E002] loss=1.2941 acc=0.5180 lr=0.10000 time=8.2s
[SAVE] best_loss=1.2941 -> models/spurious_model/model.pth
[E003 S0001] loss=1.2292 acc=0.5938 lr=0.10000
[E003 S0050] loss=1.1941 acc=0.5622 lr=0.10000
[E003 S0100] loss=1.1814 acc=0.5678 lr=0.10000
[E003 S0150] loss=1.1687 acc=0.5738 lr=0.10000
[E003 S0200] loss=1.1576 acc=0.5773 lr=0.10000
[E003 S0250] loss=1.1432 acc=0.5847 lr=0.10000
[E003 S0300] loss=1.1348 acc=0.5873 lr=0.10000
[E003 S0350] loss=1.1258 acc=0.5916 lr=0.10000
[E003 S0391] loss=1.1190 acc=0.5941 lr=0.10000
[E003] loss=1.1190 acc=0.5941 lr=0.10000 time=8.2s
[SAVE] best_loss=1.1190 -> models/spurious_model/model.pth
[E004 S0001] loss=1.0901 acc=0.5938 lr=0.10000
[E004 S0050] loss=1.0368 acc=0.6300 lr=0.10000
[E004 S0100] loss=1.0220 acc=0.6337 lr=0.10000
[E004 S0150] loss=1.0077 acc=0.6410 lr=0.10000
[E004 S0200] loss=0.9968 acc=0.6437 lr=0.10000
[E004 S0250] loss=0.9899 acc=0.6462 lr=0.10000
[E004 S0300] loss=0.9836 acc=0.6485 lr=0.10000
[E004 S0350] loss=0.9779 acc=0.6510 lr=0.10000
[E004 S0391] loss=0.9723 acc=0.6535 lr=0.10000
[E004] loss=0.9723 acc=0.6535 lr=0.10000 time=9.0s
[SAVE] best_loss=0.9723 -> models/spurious_model/model.pth
[E005 S0001] loss=0.7382 acc=0.7578 lr=0.10000
[E005 S0050] loss=0.8819 acc=0.6834 lr=0.10000
[E005 S0100] loss=0.8946 acc=0.6811 lr=0.10000
[E005 S0150] loss=0.8926 acc=0.6851 lr=0.10000
[E005 S0200] loss=0.8926 acc=0.6851 lr=0.10000
[E005 S0250] loss=0.8882 acc=0.6863 lr=0.10000
[E005 S0300] loss=0.8820 acc=0.6889 lr=0.10000
[E005 S0350] loss=0.8771 acc=0.6901 lr=0.10000
[E005 S0391] loss=0.8731 acc=0.6908 lr=0.10000
[E005] loss=0.8731 acc=0.6908 lr=0.10000 time=8.2s
[SAVE] best_loss=0.8731 -> models/spurious_model/model.pth
[E006 S0001] loss=0.7571 acc=0.7188 lr=0.10000
[E006 S0050] loss=0.8479 acc=0.7028 lr=0.10000
[E006 S0100] loss=0.8269 acc=0.7099 lr=0.10000
[E006 S0150] loss=0.8277 acc=0.7098 lr=0.10000
[E006 S0200] loss=0.8218 acc=0.7133 lr=0.10000
[E006 S0250] loss=0.8227 acc=0.7127 lr=0.10000
[E006 S0300] loss=0.8160 acc=0.7147 lr=0.10000
[E006 S0350] loss=0.8087 acc=0.7175 lr=0.10000
[E006 S0391] loss=0.8063 acc=0.7186 lr=0.10000
[E006] loss=0.8063 acc=0.7186 lr=0.10000 time=8.3s
[SAVE] best_loss=0.8063 -> models/spurious_model/model.pth
[E007 S0001] loss=0.6890 acc=0.7578 lr=0.10000
[E007 S0050] loss=0.7778 acc=0.7305 lr=0.10000
[E007 S0100] loss=0.7784 acc=0.7266 lr=0.10000
[E007 S0150] loss=0.7752 acc=0.7274 lr=0.10000
[E007 S0200] loss=0.7750 acc=0.7265 lr=0.10000
[E007 S0250] loss=0.7765 acc=0.7268 lr=0.10000
[E007 S0300] loss=0.7674 acc=0.7305 lr=0.10000
[E007 S0350] loss=0.7651 acc=0.7319 lr=0.10000
[E007 S0391] loss=0.7625 acc=0.7332 lr=0.10000
[E007] loss=0.7625 acc=0.7332 lr=0.10000 time=8.5s
[SAVE] best_loss=0.7625 -> models/spurious_model/model.pth
[E008 S0001] loss=0.6917 acc=0.7109 lr=0.10000
[E008 S0050] loss=0.7051 acc=0.7559 lr=0.10000
[E008 S0100] loss=0.7182 acc=0.7509 lr=0.10000
[E008 S0150] loss=0.7250 acc=0.7484 lr=0.10000
[E008 S0200] loss=0.7210 acc=0.7501 lr=0.10000
[E008 S0250] loss=0.7230 acc=0.7502 lr=0.10000
[E008 S0300] loss=0.7208 acc=0.7516 lr=0.10000
[E008 S0350] loss=0.7232 acc=0.7514 lr=0.10000
[E008 S0391] loss=0.7216 acc=0.7523 lr=0.10000
[E008] loss=0.7216 acc=0.7523 lr=0.10000 time=8.2s
[SAVE] best_loss=0.7216 -> models/spurious_model/model.pth
[E009 S0001] loss=0.7678 acc=0.7344 lr=0.10000
[E009 S0050] loss=0.6794 acc=0.7612 lr=0.10000
[E009 S0100] loss=0.6825 acc=0.7598 lr=0.10000
[E009 S0150] loss=0.6907 acc=0.7577 lr=0.10000
[E009 S0200] loss=0.7000 acc=0.7552 lr=0.10000
[E009 S0250] loss=0.6981 acc=0.7565 lr=0.10000
[E009 S0300] loss=0.6949 acc=0.7577 lr=0.10000
[E009 S0350] loss=0.6911 acc=0.7602 lr=0.10000
[E009 S0391] loss=0.6908 acc=0.7612 lr=0.10000
[E009] loss=0.6908 acc=0.7612 lr=0.10000 time=8.6s
[SAVE] best_loss=0.6908 -> models/spurious_model/model.pth
[E010 S0001] loss=0.7950 acc=0.7344 lr=0.10000
[E010 S0050] loss=0.6774 acc=0.7650 lr=0.10000
[E010 S0100] loss=0.6820 acc=0.7665 lr=0.10000
[E010 S0150] loss=0.6832 acc=0.7655 lr=0.10000
[E010 S0200] loss=0.6818 acc=0.7638 lr=0.10000
[E010 S0250] loss=0.6792 acc=0.7655 lr=0.10000
[E010 S0300] loss=0.6769 acc=0.7667 lr=0.10000
[E010 S0350] loss=0.6767 acc=0.7670 lr=0.10000
[E010 S0391] loss=0.6760 acc=0.7673 lr=0.10000
[E010] loss=0.6760 acc=0.7673 lr=0.10000 time=8.4s
[SAVE] best_loss=0.6760 -> models/spurious_model/model.pth
[E011 S0001] loss=0.4965 acc=0.8047 lr=0.10000
[E011 S0050] loss=0.6628 acc=0.7759 lr=0.10000
[E011 S0100] loss=0.6652 acc=0.7702 lr=0.10000
[E011 S0150] loss=0.6626 acc=0.7718 lr=0.10000
[E011 S0200] loss=0.6590 acc=0.7731 lr=0.10000
[E011 S0250] loss=0.6531 acc=0.7751 lr=0.10000
[E011 S0300] loss=0.6522 acc=0.7753 lr=0.10000
[E011 S0350] loss=0.6486 acc=0.7772 lr=0.10000
[E011 S0391] loss=0.6503 acc=0.7764 lr=0.10000
[E011] loss=0.6503 acc=0.7764 lr=0.10000 time=8.4s
[SAVE] best_loss=0.6503 -> models/spurious_model/model.pth
[E012 S0001] loss=0.5500 acc=0.7969 lr=0.10000
[E012 S0050] loss=0.6572 acc=0.7766 lr=0.10000
[E012 S0100] loss=0.6403 acc=0.7802 lr=0.10000
[E012 S0150] loss=0.6429 acc=0.7799 lr=0.10000
[E012 S0200] loss=0.6436 acc=0.7790 lr=0.10000
[E012 S0250] loss=0.6397 acc=0.7808 lr=0.10000
[E012 S0300] loss=0.6404 acc=0.7806 lr=0.10000
[E012 S0350] loss=0.6352 acc=0.7823 lr=0.10000
[E012 S0391] loss=0.6338 acc=0.7829 lr=0.10000
[E012] loss=0.6338 acc=0.7829 lr=0.10000 time=8.2s
[SAVE] best_loss=0.6338 -> models/spurious_model/model.pth
[E013 S0001] loss=0.6277 acc=0.7812 lr=0.10000
[E013 S0050] loss=0.6182 acc=0.7887 lr=0.10000
[E013 S0100] loss=0.6191 acc=0.7875 lr=0.10000
[E013 S0150] loss=0.6237 acc=0.7861 lr=0.10000
[E013 S0200] loss=0.6271 acc=0.7848 lr=0.10000
[E013 S0250] loss=0.6283 acc=0.7847 lr=0.10000
[E013 S0300] loss=0.6222 acc=0.7864 lr=0.10000
[E013 S0350] loss=0.6254 acc=0.7855 lr=0.10000
[E013 S0391] loss=0.6259 acc=0.7852 lr=0.10000
[E013] loss=0.6259 acc=0.7852 lr=0.10000 time=8.1s
[SAVE] best_loss=0.6259 -> models/spurious_model/model.pth
[E014 S0001] loss=0.6099 acc=0.7656 lr=0.10000
[E014 S0050] loss=0.6150 acc=0.7828 lr=0.10000
[E014 S0100] loss=0.6105 acc=0.7870 lr=0.10000
[E014 S0150] loss=0.6023 acc=0.7893 lr=0.10000
[E014 S0200] loss=0.6024 acc=0.7910 lr=0.10000
[E014 S0250] loss=0.6078 acc=0.7901 lr=0.10000
[E014 S0300] loss=0.6064 acc=0.7906 lr=0.10000
[E014 S0350] loss=0.6114 acc=0.7891 lr=0.10000
[E014 S0391] loss=0.6113 acc=0.7896 lr=0.10000
[E014] loss=0.6113 acc=0.7896 lr=0.10000 time=8.1s
[SAVE] best_loss=0.6113 -> models/spurious_model/model.pth
[E015 S0001] loss=0.5777 acc=0.8438 lr=0.10000
[E015 S0050] loss=0.5961 acc=0.7937 lr=0.10000
[E015 S0100] loss=0.5915 acc=0.7957 lr=0.10000
[E015 S0150] loss=0.5975 acc=0.7941 lr=0.10000
[E015 S0200] loss=0.6005 acc=0.7955 lr=0.10000
[E015 S0250] loss=0.6048 acc=0.7937 lr=0.10000
[E015 S0300] loss=0.6044 acc=0.7935 lr=0.10000
[E015 S0350] loss=0.6042 acc=0.7934 lr=0.10000
[E015 S0391] loss=0.6034 acc=0.7938 lr=0.10000
[E015] loss=0.6034 acc=0.7938 lr=0.01000 time=8.1s
[SAVE] best_loss=0.6034 -> models/spurious_model/model.pth
[E016 S0001] loss=0.7544 acc=0.7969 lr=0.01000
[E016 S0050] loss=0.5371 acc=0.8234 lr=0.01000
[E016 S0100] loss=0.4918 acc=0.8345 lr=0.01000
[E016 S0150] loss=0.4718 acc=0.8410 lr=0.01000
[E016 S0200] loss=0.4637 acc=0.8428 lr=0.01000
[E016 S0250] loss=0.4569 acc=0.8456 lr=0.01000
[E016 S0300] loss=0.4484 acc=0.8479 lr=0.01000
[E016 S0350] loss=0.4418 acc=0.8506 lr=0.01000
[E016 S0391] loss=0.4378 acc=0.8519 lr=0.01000
[E016] loss=0.4378 acc=0.8519 lr=0.01000 time=8.1s
[SAVE] best_loss=0.4378 -> models/spurious_model/model.pth
[E017 S0001] loss=0.3647 acc=0.8281 lr=0.01000
[E017 S0050] loss=0.3827 acc=0.8678 lr=0.01000
[E017 S0100] loss=0.3887 acc=0.8656 lr=0.01000
[E017 S0150] loss=0.3895 acc=0.8647 lr=0.01000
[E017 S0200] loss=0.3859 acc=0.8661 lr=0.01000
[E017 S0250] loss=0.3871 acc=0.8662 lr=0.01000
[E017 S0300] loss=0.3829 acc=0.8670 lr=0.01000
[E017 S0350] loss=0.3839 acc=0.8663 lr=0.01000
[E017 S0391] loss=0.3822 acc=0.8671 lr=0.01000
[E017] loss=0.3822 acc=0.8671 lr=0.01000 time=8.1s
[SAVE] best_loss=0.3822 -> models/spurious_model/model.pth
[E018 S0001] loss=0.4330 acc=0.8594 lr=0.01000
[E018 S0050] loss=0.3693 acc=0.8783 lr=0.01000
[E018 S0100] loss=0.3642 acc=0.8770 lr=0.01000
[E018 S0150] loss=0.3712 acc=0.8754 lr=0.01000
[E018 S0200] loss=0.3691 acc=0.8758 lr=0.01000
[E018 S0250] loss=0.3678 acc=0.8760 lr=0.01000
[E018 S0300] loss=0.3637 acc=0.8767 lr=0.01000
[E018 S0350] loss=0.3651 acc=0.8756 lr=0.01000
[E018 S0391] loss=0.3634 acc=0.8762 lr=0.01000
[E018] loss=0.3634 acc=0.8762 lr=0.01000 time=8.1s
[SAVE] best_loss=0.3634 -> models/spurious_model/model.pth
[E019 S0001] loss=0.2810 acc=0.9062 lr=0.01000
[E019 S0050] loss=0.3505 acc=0.8773 lr=0.01000
[E019 S0100] loss=0.3438 acc=0.8803 lr=0.01000
[E019 S0150] loss=0.3437 acc=0.8812 lr=0.01000
[E019 S0200] loss=0.3455 acc=0.8804 lr=0.01000
[E019 S0250] loss=0.3438 acc=0.8814 lr=0.01000
[E019 S0300] loss=0.3441 acc=0.8817 lr=0.01000
[E019 S0350] loss=0.3450 acc=0.8815 lr=0.01000
[E019 S0391] loss=0.3446 acc=0.8815 lr=0.01000
[E019] loss=0.3446 acc=0.8815 lr=0.01000 time=8.1s
[SAVE] best_loss=0.3446 -> models/spurious_model/model.pth
[E020 S0001] loss=0.3246 acc=0.9062 lr=0.01000
[E020 S0050] loss=0.3142 acc=0.8948 lr=0.01000
[E020 S0100] loss=0.3206 acc=0.8885 lr=0.01000
[E020 S0150] loss=0.3270 acc=0.8871 lr=0.01000
[E020 S0200] loss=0.3260 acc=0.8876 lr=0.01000
[E020 S0250] loss=0.3259 acc=0.8873 lr=0.01000
[E020 S0300] loss=0.3295 acc=0.8861 lr=0.01000
[E020 S0350] loss=0.3322 acc=0.8854 lr=0.01000
[E020 S0391] loss=0.3334 acc=0.8846 lr=0.01000
[E020] loss=0.3334 acc=0.8846 lr=0.01000 time=8.1s
[SAVE] best_loss=0.3334 -> models/spurious_model/model.pth
[E021 S0001] loss=0.3190 acc=0.8906 lr=0.01000
[E021 S0050] loss=0.3254 acc=0.8895 lr=0.01000
[E021 S0100] loss=0.3210 acc=0.8903 lr=0.01000
[E021 S0150] loss=0.3198 acc=0.8905 lr=0.01000
[E021 S0200] loss=0.3171 acc=0.8914 lr=0.01000
[E021 S0250] loss=0.3163 acc=0.8922 lr=0.01000
[E021 S0300] loss=0.3153 acc=0.8927 lr=0.01000
[E021 S0350] loss=0.3214 acc=0.8901 lr=0.01000
[E021 S0391] loss=0.3215 acc=0.8893 lr=0.01000
[E021] loss=0.3215 acc=0.8893 lr=0.01000 time=8.1s
[SAVE] best_loss=0.3215 -> models/spurious_model/model.pth
[E022 S0001] loss=0.1921 acc=0.9375 lr=0.01000
[E022 S0050] loss=0.2926 acc=0.8992 lr=0.01000
[E022 S0100] loss=0.3050 acc=0.8967 lr=0.01000
[E022 S0150] loss=0.3100 acc=0.8942 lr=0.01000
[E022 S0200] loss=0.3144 acc=0.8925 lr=0.01000
[E022 S0250] loss=0.3143 acc=0.8928 lr=0.01000
[E022 S0300] loss=0.3146 acc=0.8925 lr=0.01000
[E022 S0350] loss=0.3155 acc=0.8923 lr=0.01000
[E022 S0391] loss=0.3162 acc=0.8919 lr=0.01000
[E022] loss=0.3162 acc=0.8919 lr=0.01000 time=8.1s
[SAVE] best_loss=0.3162 -> models/spurious_model/model.pth
[E023 S0001] loss=0.2664 acc=0.9219 lr=0.01000
[E023 S0050] loss=0.2919 acc=0.8991 lr=0.01000
[E023 S0100] loss=0.2977 acc=0.8988 lr=0.01000
[E023 S0150] loss=0.3039 acc=0.8969 lr=0.01000
[E023 S0200] loss=0.3042 acc=0.8962 lr=0.01000
[E023 S0250] loss=0.3026 acc=0.8965 lr=0.01000
[E023 S0300] loss=0.3041 acc=0.8960 lr=0.01000
[E023 S0350] loss=0.3058 acc=0.8951 lr=0.01000
[E023 S0391] loss=0.3049 acc=0.8952 lr=0.01000
[E023] loss=0.3049 acc=0.8952 lr=0.01000 time=8.1s
[SAVE] best_loss=0.3049 -> models/spurious_model/model.pth
[E024 S0001] loss=0.2237 acc=0.9297 lr=0.01000
[E024 S0050] loss=0.2947 acc=0.8988 lr=0.01000
[E024 S0100] loss=0.3047 acc=0.8973 lr=0.01000
[E024 S0150] loss=0.3020 acc=0.8981 lr=0.01000
[E024 S0200] loss=0.2983 acc=0.8989 lr=0.01000
[E024 S0250] loss=0.2995 acc=0.8982 lr=0.01000
[E024 S0300] loss=0.3003 acc=0.8981 lr=0.01000
[E024 S0350] loss=0.3008 acc=0.8975 lr=0.01000
[E024 S0391] loss=0.3006 acc=0.8975 lr=0.01000
[E024] loss=0.3006 acc=0.8975 lr=0.01000 time=8.1s
[SAVE] best_loss=0.3006 -> models/spurious_model/model.pth
[E025 S0001] loss=0.2225 acc=0.9297 lr=0.01000
[E025 S0050] loss=0.2799 acc=0.9047 lr=0.01000
[E025 S0100] loss=0.2836 acc=0.9025 lr=0.01000
[E025 S0150] loss=0.2879 acc=0.9005 lr=0.01000
[E025 S0200] loss=0.2847 acc=0.9021 lr=0.01000
[E025 S0250] loss=0.2855 acc=0.9023 lr=0.01000
[E025 S0300] loss=0.2853 acc=0.9029 lr=0.01000
[E025 S0350] loss=0.2851 acc=0.9025 lr=0.01000
[E025 S0391] loss=0.2877 acc=0.9018 lr=0.01000
[E025] loss=0.2877 acc=0.9018 lr=0.00100 time=8.1s
[SAVE] best_loss=0.2877 -> models/spurious_model/model.pth
[E026 S0001] loss=0.1922 acc=0.9297 lr=0.00100
[E026 S0050] loss=0.2630 acc=0.9098 lr=0.00100
[E026 S0100] loss=0.2677 acc=0.9087 lr=0.00100
[E026 S0150] loss=0.2626 acc=0.9086 lr=0.00100
[E026 S0200] loss=0.2601 acc=0.9095 lr=0.00100
[E026 S0250] loss=0.2607 acc=0.9098 lr=0.00100
[E026 S0300] loss=0.2599 acc=0.9104 lr=0.00100
[E026 S0350] loss=0.2591 acc=0.9112 lr=0.00100
[E026 S0391] loss=0.2580 acc=0.9116 lr=0.00100
[E026] loss=0.2580 acc=0.9116 lr=0.00100 time=8.1s
[SAVE] best_loss=0.2580 -> models/spurious_model/model.pth
[E027 S0001] loss=0.2142 acc=0.9062 lr=0.00100
[E027 S0050] loss=0.2494 acc=0.9166 lr=0.00100
[E027 S0100] loss=0.2471 acc=0.9186 lr=0.00100
[E027 S0150] loss=0.2458 acc=0.9189 lr=0.00100
[E027 S0200] loss=0.2476 acc=0.9171 lr=0.00100
[E027 S0250] loss=0.2469 acc=0.9172 lr=0.00100
[E027 S0300] loss=0.2448 acc=0.9180 lr=0.00100
[E027 S0350] loss=0.2449 acc=0.9181 lr=0.00100
[E027 S0391] loss=0.2458 acc=0.9174 lr=0.00100
[E027] loss=0.2458 acc=0.9174 lr=0.00100 time=8.1s
[SAVE] best_loss=0.2458 -> models/spurious_model/model.pth
[E028 S0001] loss=0.3034 acc=0.9062 lr=0.00100
[E028 S0050] loss=0.2304 acc=0.9234 lr=0.00100
[E028 S0100] loss=0.2339 acc=0.9223 lr=0.00100
[E028 S0150] loss=0.2387 acc=0.9207 lr=0.00100
[E028 S0200] loss=0.2369 acc=0.9214 lr=0.00100
[E028 S0250] loss=0.2372 acc=0.9209 lr=0.00100
[E028 S0300] loss=0.2380 acc=0.9202 lr=0.00100
[E028 S0350] loss=0.2378 acc=0.9206 lr=0.00100
[E028 S0391] loss=0.2401 acc=0.9193 lr=0.00100
[E028] loss=0.2401 acc=0.9193 lr=0.00100 time=8.1s
[SAVE] best_loss=0.2401 -> models/spurious_model/model.pth
[E029 S0001] loss=0.2616 acc=0.9141 lr=0.00100
[E029 S0050] loss=0.2280 acc=0.9213 lr=0.00100
[E029 S0100] loss=0.2344 acc=0.9205 lr=0.00100
[E029 S0150] loss=0.2361 acc=0.9198 lr=0.00100
[E029 S0200] loss=0.2333 acc=0.9202 lr=0.00100
[E029 S0250] loss=0.2328 acc=0.9207 lr=0.00100
[E029 S0300] loss=0.2358 acc=0.9196 lr=0.00100
[E029 S0350] loss=0.2359 acc=0.9197 lr=0.00100
[E029 S0391] loss=0.2358 acc=0.9200 lr=0.00100
[E029] loss=0.2358 acc=0.9200 lr=0.00100 time=8.1s
[SAVE] best_loss=0.2358 -> models/spurious_model/model.pth
[E030 S0001] loss=0.2427 acc=0.9141 lr=0.00100
[E030 S0050] loss=0.2335 acc=0.9228 lr=0.00100
[E030 S0100] loss=0.2339 acc=0.9208 lr=0.00100
[E030 S0150] loss=0.2318 acc=0.9210 lr=0.00100
[E030 S0200] loss=0.2339 acc=0.9195 lr=0.00100
[E030 S0250] loss=0.2341 acc=0.9191 lr=0.00100
[E030 S0300] loss=0.2353 acc=0.9191 lr=0.00100
[E030 S0350] loss=0.2350 acc=0.9198 lr=0.00100
[E030 S0391] loss=0.2341 acc=0.9199 lr=0.00100
[E030] loss=0.2341 acc=0.9199 lr=0.00100 time=8.1s
[SAVE] best_loss=0.2341 -> models/spurious_model/model.pth
[DONE]
